Compile app.cpp
Compile archive.cpp
Compile audio.cpp
Compile ballondor.cpp
Compile calendar.cpp
Compile career.cpp
Compile coach.cpp
Compile compedit.cpp
Compile competition.cpp
Compile continental.cpp
Compile crashlog.cpp
Compile cwc.cpp
Compile data_clubs.cpp
Compile data_france_clubs.cpp
Compile data_france_geo.cpp
Compile data_france_official.cpp
Compile data_honours.cpp
Compile data_legends.cpp
Compile data_names.cpp
Compile data_nations.cpp
Compile data_players.cpp
Compile data_women.cpp
Compile data_world_leagues.cpp
Compile director.cpp
Compile districts.cpp
Compile economy.cpp
Compile editor.cpp
Compile france_validate.cpp
Compile input.cpp
Compile legend_calendar.cpp
Compile legends.cpp
Compile life.cpp
Compile main.cpp
Compile manager.cpp
Compile marne_cups.cpp
Compile match.cpp
Compile match2.cpp
Compile museum.cpp
Compile nation_context.cpp
Compile nations.cpp
Compile neweuro.cpp
Compile personality.cpp
Compile poles.cpp
Compile pyramid.cpp
Compile render.cpp
Compile rumble.cpp
Compile season_features.cpp
Compile season.cpp
Compile sporting.cpp
Compile stadium.cpp
Compile staff.cpp
Compile supporters.cpp
Compile tactical_roles.cpp
Compile women.cpp
Compile world.cpp
Compile youthintl.cpp
BUILD OK
